// Jest Snapshot v1, https://goo.gl/fbAQLP

exports[`DataTableAssert should render and match snapshot 1`] = `ShallowWrapper {}`;
